Player Details:
Name: Gandalf
Level: 1
Force: 5
m_HP: 300
Coins: 0
------------------------
Player Details:
Name: Gandalf
Level: 2
Force: 6
m_HP: 300
Coins: 10
------------------------
Player Details:
Name: Efrat
Level: 1
Force: 2
m_HP: 150
Coins: 0
------------------------
Player Details:
Name: Gandalf
Level: 2
Force: 6
m_HP: 300
Coins: 10
------------------------
Test 1 SUCCEEDED.

Card drawn:
Type: Battle
Force: 3
Profit (on win): 20
Damage taken (on loss): 40
------------------------
The m_player defeated the monster and won the loot! Hooray!
------------------------
Player Details:
Name: Efrat
Level: 2
Force: 3
m_HP: 150
Coins: 20
------------------------
Test 2 SUCCEEDED.

Card drawn:
Type: Treasure
Coins: 20
------------------------
Player Details:
Name: Daniel
Level: 1
Force: 5
m_HP: 100
Coins: 20
------------------------
Card drawn:
Type: Buff
Buff points: 1
Cost: 10
------------------------
Player Details:
Name: Daniel
Level: 1
Force: 6
m_HP: 100
Coins: 10
------------------------
Card drawn:
Type: Battle
Force: 3
Profit (on win): 20
Damage taken (on loss): 40
------------------------
The m_player defeated the monster and won the loot! Hooray!
------------------------
Player Details:
Name: Daniel
Level: 2
Force: 6
m_HP: 100
Coins: 30
------------------------
Card drawn:
Type: Heal
Heal points: 30
Cost: 10
------------------------
Player Details:
Name: Daniel
Level: 2
Force: 6
m_HP: 100
Coins: 20
------------------------
Card drawn:
Type: Treasure
Coins: 20
------------------------
Player Details:
Name: Daniel
Level: 2
Force: 6
m_HP: 100
Coins: 40
------------------------
Card drawn:
Type: Buff
Buff points: 1
Cost: 10
------------------------
Player Details:
Name: Daniel
Level: 2
Force: 7
m_HP: 100
Coins: 30
------------------------
Card drawn:
Type: Battle
Force: 3
Profit (on win): 20
Damage taken (on loss): 40
------------------------
The m_player defeated the monster and won the loot! Hooray!
------------------------
Player Details:
Name: Daniel
Level: 3
Force: 7
m_HP: 100
Coins: 50
------------------------
Card drawn:
Type: Heal
Heal points: 30
Cost: 10
------------------------
Player Details:
Name: Daniel
Level: 3
Force: 7
m_HP: 100
Coins: 40
------------------------
Card drawn:
Type: Treasure
Coins: 20
------------------------
Player Details:
Name: Daniel
Level: 3
Force: 7
m_HP: 100
Coins: 60
------------------------
Card drawn:
Type: Buff
Buff points: 1
Cost: 10
------------------------
Player Details:
Name: Daniel
Level: 3
Force: 8
m_HP: 100
Coins: 50
------------------------
Card drawn:
Type: Battle
Force: 3
Profit (on win): 20
Damage taken (on loss): 40
------------------------
The m_player defeated the monster and won the loot! Hooray!
------------------------
Player Details:
Name: Daniel
Level: 4
Force: 8
m_HP: 100
Coins: 70
------------------------
Card drawn:
Type: Heal
Heal points: 30
Cost: 10
------------------------
Player Details:
Name: Daniel
Level: 4
Force: 8
m_HP: 100
Coins: 60
------------------------
Card drawn:
Type: Treasure
Coins: 20
------------------------
Player Details:
Name: Daniel
Level: 4
Force: 8
m_HP: 100
Coins: 80
------------------------
Card drawn:
Type: Buff
Buff points: 1
Cost: 10
------------------------
Player Details:
Name: Daniel
Level: 4
Force: 9
m_HP: 100
Coins: 70
------------------------
Card drawn:
Type: Battle
Force: 3
Profit (on win): 20
Damage taken (on loss): 40
------------------------
The m_player defeated the monster and won the loot! Hooray!
------------------------
Player Details:
Name: Daniel
Level: 5
Force: 9
m_HP: 100
Coins: 90
------------------------
Card drawn:
Type: Heal
Heal points: 30
Cost: 10
------------------------
Player Details:
Name: Daniel
Level: 5
Force: 9
m_HP: 100
Coins: 80
------------------------
Card drawn:
Type: Treasure
Coins: 20
------------------------
Player Details:
Name: Daniel
Level: 5
Force: 9
m_HP: 100
Coins: 100
------------------------
Card drawn:
Type: Buff
Buff points: 1
Cost: 10
------------------------
Player Details:
Name: Daniel
Level: 5
Force: 10
m_HP: 100
Coins: 90
------------------------
Card drawn:
Type: Battle
Force: 3
Profit (on win): 20
Damage taken (on loss): 40
------------------------
The m_player defeated the monster and won the loot! Hooray!
------------------------
Player Details:
Name: Daniel
Level: 6
Force: 10
m_HP: 100
Coins: 110
------------------------
Card drawn:
Type: Heal
Heal points: 30
Cost: 10
------------------------
Player Details:
Name: Daniel
Level: 6
Force: 10
m_HP: 100
Coins: 100
------------------------
Card drawn:
Type: Treasure
Coins: 20
------------------------
Player Details:
Name: Daniel
Level: 6
Force: 10
m_HP: 100
Coins: 120
------------------------
Card drawn:
Type: Buff
Buff points: 1
Cost: 10
------------------------
Player Details:
Name: Daniel
Level: 6
Force: 11
m_HP: 100
Coins: 110
------------------------
Card drawn:
Type: Battle
Force: 3
Profit (on win): 20
Damage taken (on loss): 40
------------------------
The m_player defeated the monster and won the loot! Hooray!
------------------------
Player Details:
Name: Daniel
Level: 7
Force: 11
m_HP: 100
Coins: 130
------------------------
Card drawn:
Type: Heal
Heal points: 30
Cost: 10
------------------------
Player Details:
Name: Daniel
Level: 7
Force: 11
m_HP: 100
Coins: 120
------------------------
Card drawn:
Type: Treasure
Coins: 20
------------------------
Player Details:
Name: Daniel
Level: 7
Force: 11
m_HP: 100
Coins: 140
------------------------
Card drawn:
Type: Buff
Buff points: 1
Cost: 10
------------------------
Player Details:
Name: Daniel
Level: 7
Force: 12
m_HP: 100
Coins: 130
------------------------
Card drawn:
Type: Battle
Force: 3
Profit (on win): 20
Damage taken (on loss): 40
------------------------
The m_player defeated the monster and won the loot! Hooray!
------------------------
Player Details:
Name: Daniel
Level: 8
Force: 12
m_HP: 100
Coins: 150
------------------------
Card drawn:
Type: Heal
Heal points: 30
Cost: 10
------------------------
Player Details:
Name: Daniel
Level: 8
Force: 12
m_HP: 100
Coins: 140
------------------------
Card drawn:
Type: Treasure
Coins: 20
------------------------
Player Details:
Name: Daniel
Level: 8
Force: 12
m_HP: 100
Coins: 160
------------------------
Card drawn:
Type: Buff
Buff points: 1
Cost: 10
------------------------
Player Details:
Name: Daniel
Level: 8
Force: 13
m_HP: 100
Coins: 150
------------------------
Card drawn:
Type: Battle
Force: 3
Profit (on win): 20
Damage taken (on loss): 40
------------------------
The m_player defeated the monster and won the loot! Hooray!
------------------------
Player Details:
Name: Daniel
Level: 9
Force: 13
m_HP: 100
Coins: 170
------------------------
Card drawn:
Type: Heal
Heal points: 30
Cost: 10
------------------------
Player Details:
Name: Daniel
Level: 9
Force: 13
m_HP: 100
Coins: 160
------------------------
Card drawn:
Type: Treasure
Coins: 20
------------------------
Player Details:
Name: Daniel
Level: 9
Force: 13
m_HP: 100
Coins: 180
------------------------
Card drawn:
Type: Buff
Buff points: 1
Cost: 10
------------------------
Player Details:
Name: Daniel
Level: 9
Force: 14
m_HP: 100
Coins: 170
------------------------
Card drawn:
Type: Battle
Force: 3
Profit (on win): 20
Damage taken (on loss): 40
------------------------
The m_player defeated the monster and won the loot! Hooray!
------------------------
Player Details:
Name: Daniel
Level: 10
Force: 14
m_HP: 100
Coins: 190
------------------------
Test 3 SUCCEEDED.

